<html>
<body>
<pre>
<h1>µVision Build Log</h1>
<h2>Project:</h2>
C:\Users\s259371\Desktop\sample_BUTTON_LED_NVIC_PCON_TIMER_RIT_bouncing_buttons_joystick_potentiometer_loudspeaker2\sample.uvproj
Project File Date:  01/15/2019

<h2>Output:</h2>
Rebuild target 'Target 1'
assembling startup_LPC17xx.s...
compiling sample.c...
compiling core_cm3.c...
compiling system_LPC17xx.c...
compiling funct_led.c...
led\funct_led.c(78): warning:  #1-D: last line of file ends without a newline
  }
led\funct_led.c: 1 warning, 0 errors
compiling lib_led.c...
compiling IRQ_button.c...
compiling lib_button.c...
compiling IRQ_timer.c...
compiling lib_timer.c...
compiling IRQ_RIT.c...
RIT\IRQ_RIT.c(30): warning:  #177-D: variable "i" was declared but never referenced
        static int i=0; 
RIT\IRQ_RIT.c(31): warning:  #177-D: variable "ticks" was declared but never referenced
        static int ticks=0;
RIT\IRQ_RIT.c: 2 warnings, 0 errors
compiling lib_RIT.c...
compiling funct_joystick.c...
compiling lib_joystick.c...
compiling IRQ_adc.c...
compiling lib_adc.c...
linking...
Program Size: Code=3460 RO-data=300 RW-data=128 ZI-data=608  
".\sample.axf" - 0 Error(s), 3 Warning(s).
Load "C:\\Users\\s259371\\Desktop\\sample_BUTTON_LED_NVIC_PCON_TIMER_RIT_bouncing_buttons_joystick_potentiometer_loudspeaker2\\sample.axf" 
Erase Done.
Programming Done.
Verify OK.
</pre>
</body>
</html>
C:\\Users\\s259371\\Desktop\\sample_BUTTON_LED_NVIC_PCON_TIMER_RIT_bouncing_buttons_joystick_potentiometer_loudspeaker2\\sample.axf" 
Erase Done.
Programming Done.
Verify OK.
